// Jest Snapshot v1, https://goo.gl/fbAQLP

exports[`AnimatedFloatingButtonTests Renders correctly 1`] = `
<View
  style={
    Object {
      "alignItems": "flex-end",
      "height": "100%",
      "justifyContent": "flex-end",
      "position": "absolute",
      "width": "100%",
    }
  }
>
  <View
    style={
      Object {
        "alignItems": "center",
        "bottom": 30,
        "height": 60,
        "justifyContent": "center",
        "right": 30,
        "width": 60,
      }
    }
  >
    <View
      style={
        Object {
          "alignItems": "center",
          "backgroundColor": "#2AB7CA",
          "borderRadius": 30,
          "elevation": 5,
          "height": 60,
          "justifyContent": "center",
          "position": "absolute",
          "transform": Array [
            Object {
              "scale": 1,
            },
          ],
          "width": 60,
        }
      }
    />
    <View
      accessible={true}
      focusable={true}
      onBlur={[Function]}
      onClick={[Function]}
      onFocus={[Function]}
      onResponderGrant={[Function]}
      onResponderMove={[Function]}
      onResponderRelease={[Function]}
      onResponderTerminate={[Function]}
      onResponderTerminationRequest={[Function]}
      onStartShouldSetResponder={[Function]}
      style={
        Object {
          "alignItems": "center",
          "borderRadius": 30,
          "height": 60,
          "justifyContent": "center",
          "position": "absolute",
          "width": 60,
        }
      }
    >
      <Icon
        color="white"
        name="add"
        size={36}
      />
    </View>
  </View>
</View>
`;
