// Jest Snapshot v1, https://goo.gl/fbAQLP

exports[`FoodListTests Renders correctly 1`] = `
<RCTScrollView
  ListEmptyComponent={[Function]}
  contentContainerStyle={
    Object {
      "flexGrow": 1,
    }
  }
  data={[MockFunction]}
  disableVirtualization={false}
  getItem={[Function]}
  getItemCount={[Function]}
  horizontal={false}
  initialNumToRender={10}
  keyExtractor={[Function]}
  maxToRenderPerBatch={10}
  onContentSizeChange={[Function]}
  onEndReachedThreshold={2}
  onLayout={[Function]}
  onMomentumScrollEnd={[Function]}
  onScroll={[Function]}
  onScrollBeginDrag={[Function]}
  onScrollEndDrag={[Function]}
  refreshControl={
    <RefreshControlMock
      colors={
        Array [
          "#2AB7CA",
        ]
      }
      onRefresh={[MockFunction]}
      refreshing={[MockFunction]}
    />
  }
  removeClippedSubviews={false}
  renderItem={[Function]}
  scrollEventThrottle={50}
  stickyHeaderIndices={Array []}
  style={
    Object {
      "alignContent": "center",
      "width": "100%",
    }
  }
  updateCellsBatchingPeriod={50}
  viewabilityConfigCallbackPairs={Array []}
  windowSize={21}
>
  <RCTRefreshControl />
  <View />
</RCTScrollView>
`;
