// Jest Snapshot v1, https://goo.gl/fbAQLP

exports[`GroceryListPageTests Renders correctly 1`] = `
<View
  style={
    Object {
      "alignItems": "center",
      "backgroundColor": "white",
      "display": "flex",
      "height": "100%",
      "justifyContent": "center",
    }
  }
>
  <RCTScrollView
    contentContainerStyle={
      Object {
        "paddingTop": 10,
      }
    }
    data={null}
    disableVirtualization={false}
    getItem={[Function]}
    getItemCount={[Function]}
    horizontal={false}
    initialNumToRender={10}
    keyExtractor={[Function]}
    maxToRenderPerBatch={10}
    onContentSizeChange={[Function]}
    onEndReachedThreshold={2}
    onLayout={[Function]}
    onMomentumScrollEnd={[Function]}
    onScroll={[Function]}
    onScrollBeginDrag={[Function]}
    onScrollEndDrag={[Function]}
    refreshControl={
      <RefreshControlMock
        colors={
          Array [
            "#2AB7CA",
          ]
        }
        onRefresh={[Function]}
        refreshing={false}
      />
    }
    removeClippedSubviews={false}
    renderItem={[Function]}
    scrollEventThrottle={50}
    stickyHeaderIndices={Array []}
    style={
      Object {
        "width": "100%",
      }
    }
    updateCellsBatchingPeriod={50}
    viewabilityConfigCallbackPairs={Array []}
    windowSize={21}
  >
    <RCTRefreshControl />
    <View />
  </RCTScrollView>
</View>
`;
