// Jest Snapshot v1, https://goo.gl/fbAQLP

exports[`LoadingButtonTests Renders correctly 1`] = `
<View
  accessible={true}
  focusable={true}
  onBlur={[Function]}
  onClick={[Function]}
  onFocus={[Function]}
  onResponderGrant={[Function]}
  onResponderMove={[Function]}
  onResponderRelease={[Function]}
  onResponderTerminate={[Function]}
  onResponderTerminationRequest={[Function]}
  onStartShouldSetResponder={[Function]}
  style={
    Array [
      Object {
        "alignContent": "center",
        "alignItems": "center",
        "backgroundColor": "#2AB7CA",
        "borderRadius": 15,
        "flexDirection": "row",
        "height": 50,
        "justifyContent": "center",
        "marginBottom": 15,
      },
      false,
      [MockFunction],
    ]
  }
>
  <ActivityIndicator
    animating={true}
    color="white"
    hidesWhenStopped={true}
    size="large"
    style={
      Object {
        "position": "absolute",
        "transform": Array [
          Object {
            "translateX": 200,
          },
        ],
      }
    }
  />
  <View
    style={
      Object {
        "position": "absolute",
        "transform": Array [
          Object {
            "translateX": 0,
          },
        ],
      }
    }
  />
</View>
`;
