// Jest Snapshot v1, https://goo.gl/fbAQLP

exports[`ScannerPageTests Renders correctly 1`] = `
<View
  style="white"
/>
`;
