// Jest Snapshot v1, https://goo.gl/fbAQLP

exports[`FlatListItem Tests Renders correctly 1`] = `
<View
  style={
    Object {
      "flex": 1,
    }
  }
>
  <RNCSafeAreaProvider
    onInsetsChange={[Function]}
    style={
      Array [
        Object {
          "flex": 1,
        },
        undefined,
      ]
    }
  >
    <View
      pointerEvents="box-none"
      style={
        Object {
          "zIndex": 1,
        }
      }
    >
      <View
        accessibilityElementsHidden={false}
        importantForAccessibility="auto"
        onLayout={[Function]}
        pointerEvents="box-none"
        style={null}
      >
        <View
          pointerEvents="box-none"
          style={
            Object {
              "bottom": 0,
              "left": 0,
              "opacity": 1,
              "position": "absolute",
              "right": 0,
              "top": 0,
              "zIndex": 0,
            }
          }
        >
          <View
            style={
              Object {
                "backgroundColor": "rgb(255, 255, 255)",
                "borderBottomColor": "rgb(216, 216, 216)",
                "flex": 1,
                "shadowColor": "rgb(216, 216, 216)",
                "shadowOffset": Object {
                  "height": 0.5,
                  "width": 0,
                },
                "shadowOpacity": 0.85,
                "shadowRadius": 0,
              }
            }
          />
        </View>
        <View
          pointerEvents="box-none"
          style={
            Object {
              "height": 64,
              "maxHeight": undefined,
              "minHeight": undefined,
              "opacity": undefined,
              "transform": undefined,
            }
          }
        >
          <View
            pointerEvents="none"
            style={
              Object {
                "height": 20,
              }
            }
          />
          <View
            pointerEvents="box-none"
            style={
              Object {
                "alignItems": "center",
                "flex": 1,
                "flexDirection": "row",
                "justifyContent": "center",
              }
            }
          >
            <View
              pointerEvents="box-none"
              style={
                Object {
                  "marginHorizontal": 16,
                  "opacity": 1,
                }
              }
            >
              <Text
                accessibilityRole="header"
                aria-level="1"
                numberOfLines={1}
                onLayout={[Function]}
                style={
                  Object {
                    "color": "rgb(28, 28, 30)",
                    "fontSize": 17,
                    "fontWeight": "600",
                  }
                }
              >
                MockedScreen
              </Text>
            </View>
          </View>
        </View>
      </View>
    </View>
    <View
      onLayout={[Function]}
      style={
        Object {
          "flex": 1,
        }
      }
    >
      <View
        pointerEvents="box-none"
        style={
          Object {
            "bottom": 0,
            "left": 0,
            "position": "absolute",
            "right": 0,
            "top": 0,
          }
        }
      >
        <View
          collapsable={false}
          style={
            Object {
              "opacity": 1,
            }
          }
        />
        <View
          accessibilityElementsHidden={false}
          closing={false}
          gestureVelocityImpact={0.3}
          importantForAccessibility="auto"
          onClose={[Function]}
          onGestureBegin={[Function]}
          onGestureCanceled={[Function]}
          onGestureEnd={[Function]}
          onOpen={[Function]}
          onTransitionStart={[Function]}
          pointerEvents="box-none"
          style={
            Object {
              "bottom": 0,
              "left": 0,
              "position": "absolute",
              "right": 0,
              "top": 0,
            }
          }
          transitionSpec={
            Object {
              "close": Object {
                "animation": "spring",
                "config": Object {
                  "damping": 500,
                  "mass": 3,
                  "overshootClamping": true,
                  "restDisplacementThreshold": 10,
                  "restSpeedThreshold": 10,
                  "stiffness": 1000,
                },
              },
              "open": Object {
                "animation": "spring",
                "config": Object {
                  "damping": 500,
                  "mass": 3,
                  "overshootClamping": true,
                  "restDisplacementThreshold": 10,
                  "restSpeedThreshold": 10,
                  "stiffness": 1000,
                },
              },
            }
          }
        >
          <View
            needsOffscreenAlphaCompositing={false}
            pointerEvents="box-none"
            style={
              Object {
                "flex": 1,
              }
            }
          >
            <View
              collapsable={false}
              forwardedRef={[Function]}
              onGestureHandlerEvent={[Function]}
              onGestureHandlerStateChange={[Function]}
              style={
                Object {
                  "flex": 1,
                  "transform": Array [
                    Object {
                      "translateX": 0,
                    },
                    Object {
                      "translateX": 0,
                    },
                  ],
                }
              }
            >
              <View
                pointerEvents="none"
                style={
                  Object {
                    "backgroundColor": "rgb(242, 242, 242)",
                    "bottom": 0,
                    "left": 0,
                    "position": "absolute",
                    "shadowColor": "#000",
                    "shadowOffset": Object {
                      "height": 1,
                      "width": -1,
                    },
                    "shadowOpacity": 0.3,
                    "shadowRadius": 5,
                    "top": 0,
                    "width": 3,
                  }
                }
              />
              <View
                style={
                  Array [
                    Object {
                      "flex": 1,
                      "overflow": "hidden",
                    },
                    Array [
                      Object {
                        "backgroundColor": "rgb(242, 242, 242)",
                      },
                      undefined,
                    ],
                  ]
                }
              >
                <View
                  style={
                    Object {
                      "flex": 1,
                      "flexDirection": "column-reverse",
                    }
                  }
                >
                  <View
                    style={
                      Object {
                        "flex": 1,
                      }
                    }
                  >
                    <View
                      style={
                        Object {
                          "height": "100%",
                          "width": "100%",
                        }
                      }
                    >
                      <View
                        style={
                          Object {
                            "alignItems": "center",
                            "backgroundColor": "white",
                            "display": "flex",
                            "height": "100%",
                            "justifyContent": "center",
                          }
                        }
                      >
                        <View
                          style={
                            Object {
                              "width": "80%",
                            }
                          }
                        >
                          <Text
                            style={
                              Object {
                                "alignSelf": "center",
                                "bottom": "5%",
                                "color": "#2AB7CA",
                                "fontSize": 45,
                              }
                            }
                          >
                            Allergen Alert
                          </Text>
                          <TextInput
                            allowFontScaling={true}
                            onBlur={[Function]}
                            onChangeText={[Function]}
                            onFocus={[Function]}
                            placeholder="Username"
                            placeholderTextColor="#868e96"
                            rejectResponderTermination={true}
                            style={
                              Array [
                                Object {
                                  "backgroundColor": "#e9ecef",
                                  "borderColor": "#868e96",
                                  "borderRadius": 15,
                                  "borderWidth": 0,
                                  "color": "#495057",
                                  "fontSize": 16,
                                  "height": 50,
                                  "marginBottom": 15,
                                  "paddingLeft": 15,
                                  "paddingRight": 15,
                                },
                                undefined,
                                false,
                              ]
                            }
                            underlineColorAndroid="transparent"
                          />
                          <TextInput
                            allowFontScaling={true}
                            onBlur={[Function]}
                            onChangeText={[Function]}
                            onFocus={[Function]}
                            placeholder="Password"
                            placeholderTextColor="#868e96"
                            rejectResponderTermination={true}
                            style={
                              Array [
                                Object {
                                  "backgroundColor": "#e9ecef",
                                  "borderColor": "#868e96",
                                  "borderRadius": 15,
                                  "borderWidth": 0,
                                  "color": "#495057",
                                  "fontSize": 16,
                                  "height": 50,
                                  "marginBottom": 15,
                                  "paddingLeft": 15,
                                  "paddingRight": 15,
                                },
                                undefined,
                                false,
                              ]
                            }
                            underlineColorAndroid="transparent"
                          />
                          <View
                            accessible={true}
                            focusable={true}
                            onBlur={[Function]}
                            onClick={[Function]}
                            onFocus={[Function]}
                            onResponderGrant={[Function]}
                            onResponderMove={[Function]}
                            onResponderRelease={[Function]}
                            onResponderTerminate={[Function]}
                            onResponderTerminationRequest={[Function]}
                            onStartShouldSetResponder={[Function]}
                            style={
                              Array [
                                Object {
                                  "alignContent": "center",
                                  "alignItems": "center",
                                  "backgroundColor": "#2AB7CA",
                                  "borderRadius": 15,
                                  "height": 50,
                                  "justifyContent": "center",
                                  "marginBottom": 15,
                                },
                                false,
                                undefined,
                              ]
                            }
                          >
                            <Text
                              style={
                                Object {
                                  "color": "white",
                                  "fontSize": 16,
                                }
                              }
                            >
                              Log In
                            </Text>
                          </View>
                          <View
                            accessible={true}
                            focusable={true}
                            onBlur={[Function]}
                            onClick={[Function]}
                            onFocus={[Function]}
                            onResponderGrant={[Function]}
                            onResponderMove={[Function]}
                            onResponderRelease={[Function]}
                            onResponderTerminate={[Function]}
                            onResponderTerminationRequest={[Function]}
                            onStartShouldSetResponder={[Function]}
                            style={
                              Object {
                                "alignItems": "center",
                                "flexDirection": "row",
                                "height": 25,
                                "justifyContent": "center",
                                "marginBottom": 15,
                              }
                            }
                          >
                            <Text
                              style={
                                Object {
                                  "color": "#868e96",
                                }
                              }
                            >
                              Forgot Password?
                            </Text>
                          </View>
                          <View
                            accessible={true}
                            focusable={true}
                            onBlur={[Function]}
                            onClick={[Function]}
                            onFocus={[Function]}
                            onResponderGrant={[Function]}
                            onResponderMove={[Function]}
                            onResponderRelease={[Function]}
                            onResponderTerminate={[Function]}
                            onResponderTerminationRequest={[Function]}
                            onStartShouldSetResponder={[Function]}
                            style={
                              Object {
                                "alignItems": "center",
                                "flexDirection": "row",
                                "height": 25,
                                "justifyContent": "center",
                                "marginBottom": 15,
                              }
                            }
                          >
                            <Text
                              style={
                                Object {
                                  "color": "#adb5bd",
                                }
                              }
                            >
                              Don't have an account? 
                            </Text>
                            <Text
                              style={
                                Object {
                                  "color": "#868e96",
                                }
                              }
                            >
                              Create One
                            </Text>
                          </View>
                        </View>
                      </View>
                    </View>
                  </View>
                </View>
              </View>
            </View>
          </View>
        </View>
      </View>
    </View>
  </RNCSafeAreaProvider>
</View>
`;
